2026-05-02 18:25:21 +0000  Initial pipeline context: <IDEDistributionProcessingPipelineContext: 0x11712dd90; archive(resolved)="<IDEArchive: 0x6000149055e0>", distributionTask(resolved)="2", distributionDestination(resolved)="1", distributionMethod(resolved)="<IDEDistributionMethodDevelopmentSignedMac: 0x60000601df90>", team(resolved)="<IDEProvisioningDisambiguatableBasicTeam: 0x600017a88800; teamID='4CPVHKQX3P', teamName='Vedansh Nigam', teamType='Individual', username='vednig12@gmail.com', isFreeProvisioningTeam='0'>">
	Chain (13, self inclusive):
	<IDEDistributionProcessingPipelineContext: 0x11712dd90; archive = "<IDEArchive: 0x6000149055e0>", distributionMethod="<IDEDistributionMethodDevelopmentSignedMac: 0x60000601df90>", team="<IDEProvisioningDisambiguatableBasicTeam: 0x600017a88800; teamID='4CPVHKQX3P', teamName='Vedansh Nigam', teamType='Individual', username='vednig12@gmail.com', isFreeProvisioningTeam='0'>">
	<IDEDistributionProcessingPipelineContext: 0x1171eda40; archive = "<IDEArchive: 0x6000149055e0>", distributionMethod="<IDEDistributionMethodDevelopmentSignedMac: 0x60000601df90>", team="<IDEProvisioningDisambiguatableBasicTeam: 0x600017a88800; teamID='4CPVHKQX3P', teamName='Vedansh Nigam', teamType='Individual', username='vednig12@gmail.com', isFreeProvisioningTeam='0'>">
	<IDEDistributionContext: 0x134d1b590; archive = "<IDEArchive: 0x6000149055e0>", distributionMethod="<IDEDistributionMethodDevelopmentSignedMac: 0x60000601df90>", team="<IDEProvisioningDisambiguatableBasicTeam: 0x600017a88800; teamID='4CPVHKQX3P', teamName='Vedansh Nigam', teamType='Individual', username='vednig12@gmail.com', isFreeProvisioningTeam='0'>">
	<IDEDistributionContext: 0x34669e290; archive = "<IDEArchive: 0x6000149055e0>", distributionMethod="<IDEDistributionMethodDevelopmentSignedMac: 0x60000601df90>", team="<IDEProvisioningDisambiguatableBasicTeam: 0x600017a88800; teamID='4CPVHKQX3P', teamName='Vedansh Nigam', teamType='Individual', username='vednig12@gmail.com', isFreeProvisioningTeam='0'>">
	<IDEDistributionContext: 0x34669f230; archive = "<IDEArchive: 0x6000149055e0>", distributionMethod="<IDEDistributionMethodDevelopmentSignedMac: 0x60000601df90>", team="<IDEProvisioningDisambiguatableBasicTeam: 0x600017a88800; teamID='4CPVHKQX3P', teamName='Vedansh Nigam', teamType='Individual', username='vednig12@gmail.com', isFreeProvisioningTeam='0'>">
	<IDEDistributionContext: 0x136de2d20; archive = "<IDEArchive: 0x6000149055e0>", distributionMethod="<IDEDistributionMethodDevelopmentSignedMac: 0x60000601df90>", team="<IDEProvisioningDisambiguatableBasicTeam: 0x600017a88800; teamID='4CPVHKQX3P', teamName='Vedansh Nigam', teamType='Individual', username='vednig12@gmail.com', isFreeProvisioningTeam='0'>">
	<IDEDistributionContext: 0x346698eb0; archive = "<IDEArchive: 0x6000149055e0>", distributionMethod="<IDEDistributionMethodDevelopmentSignedMac: 0x60000601df90>", team="<IDEProvisioningDisambiguatableBasicTeam: 0x600017a88800; teamID='4CPVHKQX3P', teamName='Vedansh Nigam', teamType='Individual', username='vednig12@gmail.com', isFreeProvisioningTeam='0'>">
	<IDEDistributionContext: 0x11728aa70; archive = "<IDEArchive: 0x6000149055e0>", distributionMethod="<IDEDistributionMethodDevelopmentSignedMac: 0x60000601df90>", team="<IDEProvisioningDisambiguatableBasicTeam: 0x600017a88800; teamID='4CPVHKQX3P', teamName='Vedansh Nigam', teamType='Individual', username='vednig12@gmail.com', isFreeProvisioningTeam='0'>">
	<IDEDistributionContext: 0x11728b270; archive = "<IDEArchive: 0x6000149055e0>", distributionMethod="<IDEDistributionMethodDevelopmentSignedMac: 0x60000601df90>", team="(null)">
	<IDEDistributionContext: 0x1171364d0; archive = "<IDEArchive: 0x6000149055e0>", distributionMethod="<IDEDistributionMethodDevelopmentSignedMac: 0x60000601df90>", team="(null)">
	<IDEDistributionContext: 0x117156940; archive = "<IDEArchive: 0x6000149055e0>", distributionMethod="(null)", team="(null)">
	<IDEDistributionContext: 0x134dd86c0; archive = "<IDEArchive: 0x6000149055e0>", distributionMethod="(null)", team="(null)">
	<IDEDistributionContext: 0x134d81870; archive = "<IDEArchive: 0x6000149055e0>", distributionMethod="(null)", team="(null)">
</IDEDistributionProcessingPipelineContext: 0x11712dd90>
2026-05-02 18:25:21 +0000  Processing step: IDEDistributionCreateDestRootStep
2026-05-02 18:25:21 +0000  Processing step: IDEDistributionCopyItemStep
2026-05-02 18:25:21 +0000  Running /usr/bin/ditto '-V' '/Users/ved/Library/Developer/Xcode/Archives/2026-05-02/Clipmon 02-05-26, 11.52 PM.xcarchive/Products/Applications/Clipmon.app' '/var/folders/qv/jcv0d15x09n6b5k_wdj_0tgc0000gp/T/XcodeDistPipeline.~~~sE0pVN/Root/Applications/Clipmon.app'
2026-05-02 18:25:21 +0000  >>> Copying /Users/ved/Library/Developer/Xcode/Archives/2026-05-02/Clipmon 02-05-26, 11.52 PM.xcarchive/Products/Applications/Clipmon.app 
2026-05-02 18:25:21 +0000  copying file ./Contents/_CodeSignature/CodeResources ... 
2026-05-02 18:25:21 +0000  3134 bytes for ./Contents/_CodeSignature/CodeResources
2026-05-02 18:25:21 +0000  copying file ./Contents/MacOS/Clipmon ... 
2026-05-02 18:25:21 +0000  787120 bytes for ./Contents/MacOS/Clipmon
2026-05-02 18:25:21 +0000  copying file ./Contents/Resources/AppIcon.icns ... 
2026-05-02 18:25:21 +0000  65818 bytes for ./Contents/Resources/AppIcon.icns
2026-05-02 18:25:21 +0000  copying file ./Contents/Resources/appstore.png ... 
2026-05-02 18:25:21 +0000  526668 bytes for ./Contents/Resources/appstore.png
2026-05-02 18:25:21 +0000  copying file ./Contents/Resources/Assets.car ... 
2026-05-02 18:25:21 +0000  615944 bytes for ./Contents/Resources/Assets.car
2026-05-02 18:25:21 +0000  copying file ./Contents/Resources/playstore.png ... 
2026-05-02 18:25:21 +0000  169487 bytes for ./Contents/Resources/playstore.png
2026-05-02 18:25:21 +0000  copying file ./Contents/Info.plist ... 
2026-05-02 18:25:21 +0000  1470 bytes for ./Contents/Info.plist
2026-05-02 18:25:21 +0000  copying file ./Contents/PkgInfo ... 
2026-05-02 18:25:21 +0000  8 bytes for ./Contents/PkgInfo
2026-05-02 18:25:21 +0000  /usr/bin/ditto exited with 0
2026-05-02 18:25:21 +0000  Processing step: IDEDistributionEmbedProfileStep
2026-05-02 18:25:21 +0000  Skipping profile for item: <IDEDistributionItem: 0x600010840b40; bundleID='com.rare.Clipmon', path='<DVTFilePath:0x600010796280:'/Users/ved/Library/Developer/Xcode/Archives/2026-05-02/Clipmon 02-05-26, 11.52 PM.xcarchive/Products/Applications/Clipmon.app'>', codeSigningInfo='<_DVTCodeSigningInformation_Path: 0x6000108434e0; isSigned='1', isAdHocSigned='0', signingCertificate='<DVTSigningCertificate: 0x6000057b2400; name='Apple Development: vednig12@gmail.com (Q5X82DZ78Y)', hash='7CA5AC56AF1E46B908BA04C9D2CCC452568DF55E', serialNumber='6CFBEF77B154CD601391D0696C55D8A5', certificateKinds='(
    "1.2.840.113635.100.6.1.12",
    "1.2.840.113635.100.6.1.2"
), issueDate='2025-07-21 18:13:07 +0000''>', entitlements='{
    "com.apple.security.app-sandbox" = 1;
    "com.apple.security.files.user-selected.read-only" = 1;
}', teamID='4CPVHKQX3P', identifier='com.rare.Clipmon', executablePath='<DVTFilePath:0x60001078b3c0:'/Users/ved/Library/Developer/Xcode/Archives/2026-05-02/Clipmon 02-05-26, 11.52 PM.xcarchive/Products/Applications/Clipmon.app/Contents/MacOS/Clipmon'>', hardenedRuntime='1'>'>
2026-05-02 18:25:21 +0000  Processing step: IDEDistributionInfoPlistStep
2026-05-02 18:25:21 +0000  Skipping step: IDEDistributionInfoPlistStep because it said so
2026-05-02 18:25:21 +0000  Processing step: IDEDistributionAppThinningPlistStep
2026-05-02 18:25:21 +0000  Processing step: IDEDistributionSymbolsStep
2026-05-02 18:25:21 +0000  Skipping step: IDEDistributionSymbolsStep because it said so
2026-05-02 18:25:21 +0000  Processing step: IDEDistributionAppThinningStep
2026-05-02 18:25:21 +0000  Skipping step: IDEDistributionAppThinningStep because it said so
2026-05-02 18:25:21 +0000  Processing step: IDEDistributionArchThinningStep
2026-05-02 18:25:21 +0000  Archs to thin for item /Users/ved/Library/Developer/Xcode/Archives/2026-05-02/Clipmon 02-05-26, 11.52 PM.xcarchive/Products/Applications/Clipmon.app are []
2026-05-02 18:25:21 +0000  Processing step: IDEDistributionODRStep
2026-05-02 18:25:21 +0000  Processing step: IDEDistributionStripXattrsStep
2026-05-02 18:25:21 +0000  Skipping stripping extended attributes because the codesign step will strip them.
2026-05-02 18:25:21 +0000  Processing step: IDEDistributionCodesignStep
2026-05-02 18:25:21 +0000  Entitlements for <IDEDistributionItem: 0x600010840b40; bundleID='com.rare.Clipmon', path='<DVTFilePath:0x600010796280:'/Users/ved/Library/Developer/Xcode/Archives/2026-05-02/Clipmon 02-05-26, 11.52 PM.xcarchive/Products/Applications/Clipmon.app'>', codeSigningInfo='<_DVTCodeSigningInformation_Path: 0x6000108434e0; isSigned='1', isAdHocSigned='0', signingCertificate='<DVTSigningCertificate: 0x60000579fcc0; name='Apple Development: vednig12@gmail.com (Q5X82DZ78Y)', hash='7CA5AC56AF1E46B908BA04C9D2CCC452568DF55E', serialNumber='6CFBEF77B154CD601391D0696C55D8A5', certificateKinds='(
    "1.2.840.113635.100.6.1.12",
    "1.2.840.113635.100.6.1.2"
), issueDate='2025-07-21 18:13:07 +0000''>', entitlements='{
    "com.apple.security.app-sandbox" = 1;
    "com.apple.security.files.user-selected.read-only" = 1;
}', teamID='4CPVHKQX3P', identifier='com.rare.Clipmon', executablePath='<DVTFilePath:0x60001078b3c0:'/Users/ved/Library/Developer/Xcode/Archives/2026-05-02/Clipmon 02-05-26, 11.52 PM.xcarchive/Products/Applications/Clipmon.app/Contents/MacOS/Clipmon'>', hardenedRuntime='1'>'>: {
    "com.apple.security.app-sandbox" = 1;
    "com.apple.security.files.user-selected.read-only" = 1;
}
2026-05-02 18:25:21 +0000  Associated App Clip Identifiers Filter: Skipping because "com.apple.developer.associated-appclip-app-identifiers" is not present
2026-05-02 18:25:21 +0000  Entitlements for <IDEDistributionItem: 0x600010840b40; bundleID='com.rare.Clipmon', path='<DVTFilePath:0x600010796280:'/Users/ved/Library/Developer/Xcode/Archives/2026-05-02/Clipmon 02-05-26, 11.52 PM.xcarchive/Products/Applications/Clipmon.app'>', codeSigningInfo='<_DVTCodeSigningInformation_Path: 0x6000108434e0; isSigned='1', isAdHocSigned='0', signingCertificate='<DVTSigningCertificate: 0x60000579fcc0; name='Apple Development: vednig12@gmail.com (Q5X82DZ78Y)', hash='7CA5AC56AF1E46B908BA04C9D2CCC452568DF55E', serialNumber='6CFBEF77B154CD601391D0696C55D8A5', certificateKinds='(
    "1.2.840.113635.100.6.1.12",
    "1.2.840.113635.100.6.1.2"
), issueDate='2025-07-21 18:13:07 +0000''>', entitlements='{
    "com.apple.security.app-sandbox" = 1;
    "com.apple.security.files.user-selected.read-only" = 1;
}', teamID='4CPVHKQX3P', identifier='com.rare.Clipmon', executablePath='<DVTFilePath:0x60001078b3c0:'/Users/ved/Library/Developer/Xcode/Archives/2026-05-02/Clipmon 02-05-26, 11.52 PM.xcarchive/Products/Applications/Clipmon.app/Contents/MacOS/Clipmon'>', hardenedRuntime='1'>'> are: {
    "com.apple.security.app-sandbox" = 1;
    "com.apple.security.files.user-selected.read-only" = 1;
}
2026-05-02 18:25:21 +0000  Writing entitlements for <IDEDistributionItem: 0x600010840b40; bundleID='com.rare.Clipmon', path='<DVTFilePath:0x600010796280:'/Users/ved/Library/Developer/Xcode/Archives/2026-05-02/Clipmon 02-05-26, 11.52 PM.xcarchive/Products/Applications/Clipmon.app'>', codeSigningInfo='<_DVTCodeSigningInformation_Path: 0x6000108434e0; isSigned='1', isAdHocSigned='0', signingCertificate='<DVTSigningCertificate: 0x60000579fcc0; name='Apple Development: vednig12@gmail.com (Q5X82DZ78Y)', hash='7CA5AC56AF1E46B908BA04C9D2CCC452568DF55E', serialNumber='6CFBEF77B154CD601391D0696C55D8A5', certificateKinds='(
    "1.2.840.113635.100.6.1.12",
    "1.2.840.113635.100.6.1.2"
), issueDate='2025-07-21 18:13:07 +0000''>', entitlements='{
    "com.apple.security.app-sandbox" = 1;
    "com.apple.security.files.user-selected.read-only" = 1;
}', teamID='4CPVHKQX3P', identifier='com.rare.Clipmon', executablePath='<DVTFilePath:0x60001078b3c0:'/Users/ved/Library/Developer/Xcode/Archives/2026-05-02/Clipmon 02-05-26, 11.52 PM.xcarchive/Products/Applications/Clipmon.app/Contents/MacOS/Clipmon'>', hardenedRuntime='1'>'> to: /var/folders/qv/jcv0d15x09n6b5k_wdj_0tgc0000gp/T/XcodeDistPipeline.~~~sE0pVN/entitlements~~~HcKjFo
2026-05-02 18:25:21 +0000  invoking codesign: <NSConcreteTask: 0x6000104d4e10; launchPath='/usr/bin/codesign', arguments='(
    "-f",
    "-s",
    7CA5AC56AF1E46B908BA04C9D2CCC452568DF55E,
    "--entitlements",
    "/var/folders/qv/jcv0d15x09n6b5k_wdj_0tgc0000gp/T/XcodeDistPipeline.~~~sE0pVN/entitlements~~~HcKjFo",
    "--preserve-metadata=identifier,flags,runtime,launch-constraints,library-constraints",
    "--generate-entitlement-der",
    "--strip-disallowed-xattrs",
    "-vvv",
    "/var/folders/qv/jcv0d15x09n6b5k_wdj_0tgc0000gp/T/XcodeDistPipeline.~~~sE0pVN/Root/Applications/Clipmon.app"
)'>
2026-05-02 18:25:21 +0000  codesign output: /var/folders/qv/jcv0d15x09n6b5k_wdj_0tgc0000gp/T/XcodeDistPipeline.~~~sE0pVN/Root/Applications/Clipmon.app: replacing existing signature
/var/folders/qv/jcv0d15x09n6b5k_wdj_0tgc0000gp/T/XcodeDistPipeline.~~~sE0pVN/Root/Applications/Clipmon.app: signed app bundle with Mach-O universal (x86_64 arm64) [com.rare.Clipmon]
2026-05-02 18:25:21 +0000  Processing step: IDEDistributionZipODRItemStep
2026-05-02 18:25:21 +0000  Skipping step: IDEDistributionZipODRItemStep because it said so
2026-05-02 18:25:21 +0000  Processing step: IDEDistributionSkipPackagingStep
2026-05-02 18:25:21 +0000  Processing step: IDEDistributionAppStoreInformationStep
2026-05-02 18:25:21 +0000  Skipping step: IDEDistributionAppStoreInformationStep because it said so
2026-05-02 18:25:21 +0000  Processing step: IDEDistributionGenerateProcessedDistributionItems
2026-05-02 18:25:21 +0000  IDEDistributionItem init <DVTFilePath:0x6000108435a0:'/var/folders/qv/jcv0d15x09n6b5k_wdj_0tgc0000gp/T/XcodeDistPipeline.~~~sE0pVN/Root/Applications/Clipmon.app'>
2026-05-02 18:25:21 +0000  [OPTIONAL] Didn't find embedded provisioning profile for <DVTFilePath:0x6000108435a0:'/var/folders/qv/jcv0d15x09n6b5k_wdj_0tgc0000gp/T/XcodeDistPipeline.~~~sE0pVN/Root/Applications/Clipmon.app'>: Error Domain=NSCocoaErrorDomain Code=4 "No file at <DVTFilePath:0x600014914620:'/var/folders/qv/jcv0d15x09n6b5k_wdj_0tgc0000gp/T/XcodeDistPipeline.~~~sE0pVN/Root/Applications/Clipmon.app/Contents/embedded.provisionprofile'>" UserInfo={NSLocalizedDescription=No file at <DVTFilePath:0x600014914620:'/var/folders/qv/jcv0d15x09n6b5k_wdj_0tgc0000gp/T/XcodeDistPipeline.~~~sE0pVN/Root/Applications/Clipmon.app/Contents/embedded.provisionprofile'>}
2026-05-02 18:25:21 +0000  Processing step: IDEDistributionCreateManifestStep
2026-05-02 18:25:21 +0000  Skipping step: IDEDistributionCreateManifestStep because it said so
